../Core/Src/main.c:112:5:main	40	static
../Core/Src/main.c:181:6:SystemClock_Config	88	static
../Core/Src/main.c:223:13:MX_ADC1_Init	24	static
../Core/Src/main.c:275:13:MX_SPI1_Init	8	static
../Core/Src/main.c:313:13:MX_USART2_UART_Init	8	static
../Core/Src/main.c:346:13:MX_GPIO_Init	40	static
../Core/Src/main.c:392:1:__io_putchar	16	static
../Core/Src/main.c:402:5:_write	24	static
../Core/Src/main.c:407:6:LcdOpen	8	static
../Core/Src/main.c:410:6:Lcdclose	8	static
../Core/Src/main.c:414:6:LCD_Init	8	static
../Core/Src/main.c:433:6:LCD_CommandMode	16	static
../Core/Src/main.c:441:6:LCD_DataMode	16	static
../Core/Src/main.c:449:6:LCD_Fill	24	static
../Core/Src/main.c:466:6:LCD_SetAddressWindow	40	static
../Core/Src/main.c:485:6:DrawPixel	24	static
../Core/Src/main.c:493:6:DrawChar	40	static
../Core/Src/main.c:514:6:DrawString	32	static
../Core/Src/main.c:527:6:movingStars	16	static
../Core/Src/main.c:540:14:createStar	24	static
../Core/Src/main.c:553:6:moveStar	24	static
../Core/Src/main.c:562:6:PrintStars	32	static
../Core/Src/main.c:594:6:EraseArea	24	static
../Core/Src/main.c:638:6:Error_Handler	4	static,ignoring_inline_asm
