../Core/Src/main.c:115:5:main	104	static
../Core/Src/main.c:242:6:SystemClock_Config	88	static
../Core/Src/main.c:284:13:MX_ADC1_Init	24	static
../Core/Src/main.c:351:13:MX_SPI1_Init	8	static
../Core/Src/main.c:389:13:MX_USART2_UART_Init	8	static
../Core/Src/main.c:422:13:MX_GPIO_Init	40	static
../Core/Src/main.c:468:1:__io_putchar	16	static
../Core/Src/main.c:478:5:_write	24	static
../Core/Src/main.c:483:6:LcdOpen	8	static
../Core/Src/main.c:486:6:Lcdclose	8	static
../Core/Src/main.c:490:6:LCD_Init	8	static
../Core/Src/main.c:509:6:LCD_CommandMode	16	static
../Core/Src/main.c:517:6:LCD_DataMode	16	static
../Core/Src/main.c:525:6:LCD_Fill	24	static
../Core/Src/main.c:542:6:LCD_SetAddressWindow	40	static
../Core/Src/main.c:561:6:DrawPixel	24	static
../Core/Src/main.c:569:6:DrawChar	40	static
../Core/Src/main.c:590:6:DrawString	32	static
../Core/Src/main.c:603:6:movingStars	16	static
../Core/Src/main.c:615:14:createStar	24	static
../Core/Src/main.c:628:14:moveStar	24	static
../Core/Src/main.c:638:6:PrintStars	32	static
../Core/Src/main.c:680:6:EraseArea	24	static
../Core/Src/main.c:709:6:LCD_courser	24	static
../Core/Src/main.c:738:6:freeLinkedList	24	static
../Core/Src/main.c:758:6:Error_Handler	4	static,ignoring_inline_asm
